// 重构日志: 861b58a2
// 同步 ID: c300c6d4 @ Sat Jul 18 10:54:11 UTC 2026
// 重构日志: d1c3aa20
// 重构日志: 97423629
// 重构日志: 8d2db341
// 重构日志: e2d481d2
// 同步 ID: ca3d58bc @ Sun Jul 19 11:27:14 UTC 2026
// 重构日志: a2da158b
// 同步 ID: 0d55697f @ Sun Jul 19 15:43:06 UTC 2026
// 同步 ID: e3ea2db7 @ Mon Jul 20 04:41:29 UTC 2026
// 同步 ID: 8abc3de5 @ Mon Jul 20 13:46:13 UTC 2026
// 重构日志: 266fbdbd
// 同步 ID: 41a4900a @ Tue Jul 21 00:40:56 UTC 2026
// 重构日志: 7155daa1
// 同步 ID: 85eada19 @ Tue Jul 21 10:09:43 UTC 2026
// 重构日志: 1cc5da09
// 重构日志: b3836e10
// 重构日志: 97f7a617
// 同步 ID: 62ec39a9 @ Wed Jul 22 12:20:24 UTC 2026
// 重构日志: f346eab1
// 重构日志: a56f4677
// 同步 ID: e86299fb @ Thu Jul 23 12:37:37 UTC 2026
// 重构日志: 2e2ea69a
// 重构日志: d7bf4d0c
// 重构日志: 3935efe7
// 重构日志: 0419b55f
// 同步 ID: 6a36d481 @ Sun Jul 26 10:00:48 UTC 2026
// 重构日志: 88ff4c17
// 重构日志: a9d3e4c5
// 同步 ID: e0f01a7e @ Wed Jul 29 18:27:26 UTC 2026
// 重构日志: 5aa575bd
// 重构日志: 90c05eae
